[new.uouapps.com/globo-html/index.html]
[backblue.gif]
[fade.gif]
[index.html]
[new.uouapps.com/globo-html/css/style.css]
[new.uouapps.com/globo-html/js/masterslider/style/masterslider.css]
[new.uouapps.com/globo-html/js/masterslider/skins/black-2/style.css]
[new.uouapps.com/globo-html/index-2.html]
[new.uouapps.com/globo-html/js/masterslider/blank.gif]
[new.uouapps.com/globo-html/img/slider-logo.png]
[new.uouapps.com/globo-html/home-map-grid.html]
[new.uouapps.com/globo-html/home-map-list.html]
[new.uouapps.com/globo-html/home-category.html]
[new.uouapps.com/globo-html/company-profile.html]
[new.uouapps.com/globo-html/company-product.html]
[new.uouapps.com/globo-html/company-portfolio.html]
[new.uouapps.com/globo-html/company-events.html]
[new.uouapps.com/globo-html/company-blog.html]
[new.uouapps.com/globo-html/company-contact.html]
[new.uouapps.com/globo-html/sample-page.html]
[new.uouapps.com/globo-html/shortcodes.html]
[new.uouapps.com/globo-html/blog-list.html]
[new.uouapps.com/globo-html/blog-post.html]
[new.uouapps.com/globo-html/price-listing.html]
[new.uouapps.com/globo-html/about-us.html]
[new.uouapps.com/globo-html/contact-us.html]
[new.uouapps.com/globo-html/search-result.html]
[new.uouapps.com/globo-html/img/content/post-img-1.jpg]
[new.uouapps.com/globo-html/img/content/post-img-2.jpg]
[new.uouapps.com/globo-html/img/content/post-img-3.jpg]
[new.uouapps.com/globo-html/img/content/post-img-4.jpg]
[new.uouapps.com/globo-html/img/content/post-img-5.jpg]
[new.uouapps.com/globo-html/img/content/post-img-6.jpg]
[new.uouapps.com/globo-html/img/content/post-img-7.jpg]
[new.uouapps.com/globo-html/img/content/post-img-8.jpg]
[new.uouapps.com/globo-html/img/content/partner1.png]
[new.uouapps.com/globo-html/img/content/partner2.png]
[new.uouapps.com/globo-html/img/content/partner3.png]
[new.uouapps.com/globo-html/img/content/partner4.png]
[new.uouapps.com/globo-html/img/content/partner5.png]
[new.uouapps.com/globo-html/img/content/partner6.png]
[new.uouapps.com/globo-html/img/footer_logo.png]
[new.uouapps.com/globo-html/img/content/latest_post_1.jpg]
[new.uouapps.com/globo-html/img/content/latest_post_2.jpg]
[ajax.googleapis.com/ajax/libs/jquery/2.1.1/jquery.min.js]
[new.uouapps.com/globo-html/js/jquery.ba-outside-events.min.js]
[new.uouapps.com/globo-html/js/gomap.js]
[new.uouapps.com/globo-html/js/masterslider/masterslider.min.js]
[new.uouapps.com/globo-html/js/gmaps.js]
[new.uouapps.com/globo-html/js/bootstrap.min.js]
[new.uouapps.com/globo-html/js/owl.carousel.js]
[new.uouapps.com/globo-html/js/scripts.js]
[new.uouapps.com/globo-html/index.html]
[new.uouapps.com/globo-html/fonts/fontawesome-webfont78ce.eot]
[new.uouapps.com/globo-html/fonts/fontawesome-webfontd41d.eot]
[new.uouapps.com/globo-html/fonts/fontawesome-webfont78ce.woff]
[code.jquery.com/ui/1.11.1/jquery-ui.js]
[new.uouapps.com/globo-html/fonts/fontawesome-webfont78ce.ttf]
[new.uouapps.com/globo-html/img/content/feature-bg.jpg]
[new.uouapps.com/globo-html/img/content/calssifieds_bg.jpg]
[new.uouapps.com/globo-html/img/content/register_bg.jpg]
[new.uouapps.com/globo-html/img/content/about-us-heading-bg.jpg]
[new.uouapps.com/globo-html/img/content/contact-us-heading-bg.jpg]
[new.uouapps.com/globo-html/img/content/price-listing-heading-bg.jpg]
[new.uouapps.com/globo-html/img/content/blog-list-heading-bg.jpg]
[new.uouapps.com/globo-html/img/content/company-heading-bg.jpg]
[new.uouapps.com/globo-html/img/content/footer_logo_bg.jpg]
[new.uouapps.com/globo-html/css/style.css]
[new.uouapps.com/globo-html/js/masterslider/style/loading-2.gif]
[new.uouapps.com/globo-html/js/masterslider/style/grab.png]
[new.uouapps.com/globo-html/js/masterslider/style/grabbing.png]
[new.uouapps.com/globo-html/js/masterslider/style/video-close-btn.png]
[new.uouapps.com/globo-html/js/masterslider/style/masterslider.css]
[new.uouapps.com/globo-html/js/masterslider/skins/black-2/black-skin-2.png]
[new.uouapps.com/globo-html/js/masterslider/skins/black-2/black-skin-2-retina.png]
[new.uouapps.com/globo-html/js/masterslider/skins/black-2/style.css]
[new.uouapps.com/globo-html/index-2.html]
[new.uouapps.com/globo-html/img/content/post-img-10.jpg]
[new.uouapps.com/globo-html/img/content/post-img-9.jpg]
[new.uouapps.com/globo-html/img/content/post-img-11.jpg]
[new.uouapps.com/globo-html/img/content/post-img-12.jpg]
[new.uouapps.com/globo-html/img/add.jpg]
[new.uouapps.com/globo-html/home-map-grid.html]
[new.uouapps.com/globo-html/home-map-list.html]
[new.uouapps.com/globo-html/media/demo-2.mp4]
[new.uouapps.com/globo-html/home-category.html]
[new.uouapps.com/globo-html/img/content/company-logo.jpg]
[new.uouapps.com/globo-html/img/content/comment-image-1.jpg]
[new.uouapps.com/globo-html/img/content/comment-image-2.jpg]
[new.uouapps.com/globo-html/img/content/company-product.jpg]
[new.uouapps.com/globo-html/img/content/blog-list-image1.jpg]
[new.uouapps.com/globo-html/img/content/blog-list-image2.jpg]
[new.uouapps.com/globo-html/img/content/blog-list-image3.jpg]
[new.uouapps.com/globo-html/company-profile.html]
[new.uouapps.com/globo-html/company-product.html]
[new.uouapps.com/globo-html/company-portfolio.html]
[new.uouapps.com/globo-html/company-events.html]
[new.uouapps.com/globo-html/company-blog.html]
[new.uouapps.com/globo-html/company-contact.html]
[new.uouapps.com/globo-html/img/content/post-image.jpg]
[new.uouapps.com/globo-html/img/content/medium-rectangle.jpg]
[new.uouapps.com/globo-html/sample-page.html]
[new.uouapps.com/globo-html/shortcodes.html]
[new.uouapps.com/globo-html/blog-list.html]
[new.uouapps.com/globo-html/blog-post.html]
[new.uouapps.com/globo-html/price-listing.html]
[new.uouapps.com/globo-html/img/content/team-member-1.jpg]
[new.uouapps.com/globo-html/img/content/team-member-2.jpg]
[new.uouapps.com/globo-html/img/content/team-member-3.jpg]
[new.uouapps.com/globo-html/img/content/team-member-4.jpg]
[new.uouapps.com/globo-html/about-us.html]
[new.uouapps.com/globo-html/contact-us.html]
[new.uouapps.com/globo-html/search-result.html]
[new.uouapps.com/globo-html/fonts/fontawesome-webfont78ce.svg]
[new.uouapps.com/globo-html/css/grabbing.html]
[new.uouapps.com/globo-html/css/AjaxLoader.html]
[new.uouapps.com/globo-html/js/masterslider/masterslider/style/grab.html]
[new.uouapps.com/globo-html/js/masterslider/masterslider/style/grabbing.html]
[new.uouapps.com/globo-html/ihome-map-grid.html]
[new.uouapps.com/globo-html/img/content/square-button.png]
